df2d759e-e80d-4768-ae4c-879c1208c710	df2d759e-e80d-4768-ae4c-879c1208c710	b9cb4670-ee24-45b7-9de9-76580e3ff17b	d6fb2a67-c23c-4558-a14f-44bd0ae8a8b1	true	317.82	0.00    0.00    0.00    0.00    0   0.00    0   0.00    0   0.00    0   0.00	NULL	NULL	123.45	0.00	0.00	0.00	0.00	0.00	0.00	0.00	0.00	0.00	0.00	317.82	0.00	0.00	0	0.00	NULL	1	317.82	0.00	NULL	NULL	NULL	2028-02-01	2028-02-01 00:00:00	2028-02-01	2028-02-01 00:00:00	NULL	LATEST
