500c7781-0f9d-49ca-8323-0de9cb4484a9	500c7781-0f9d-49ca-8323-0de9cb4484a9	b9cb4670-ee24-45b7-9de9-76580e3ff17b	56083a9c-c237-42b9-847a-3155f1beb231	true	317.82	0.00    0.00    0.00    0.00    0   0.00    0   0.00    0   0.00    0   0.00	NULL	NULL	123.45	0.00	0.00	0.00	0.00	0.00	0.00	0.00	0.00	0.00	0.00	317.82	0.00	0.00	0	0.00	NULL	1	317.82	0.00	NULL	NULL	NULL	2028-01-01	2028-01-01 00:00:00	2028-01-01	2028-01-01 00:00:00	NULL	LATEST
