c5154b25-9b47-4f41-8590-23b2959f778f	832eaee4-66c0-4c12-8c71-52cf28d67512	NULL	NULL	NULL	aa	aa	NULL	NULL	1980-01-01	1980-01-01 00:00:00	NULL	NULL
6c3650c9-a83a-4677-a94a-8451cf9c7328	76d95b62-89c4-4747-b3ae-4ba38d30bc75	NULL	NULL	NULL	NULL	aa	NULL	NULL	1980-01-01	1980-01-01 00:00:00	NULL	NULL
6e116f0b-ef3b-4e16-acb1-748476d7cb03	bfb1a995-f612-4c4d-ad23-b55d730ba7b5	NULL	NULL	NULL	NULL	aa	NULL	NULL	1980-01-01	1980-01-01 00:00:00	NULL	NULL
c4b87b4c-64af-46db-8d67-058fc94277ad	26379313-c1dc-4cdc-a80e-d44dde38272e	NULL	NULL	NULL	NULL	aa	NULL	NULL	1980-01-01	1980-01-01 00:00:00	NULL	NULL
1e57103a-144d-4028-9e72-bf6130b8df09	d9d14082-c239-40b2-a273-c74bd9ba6d19	NULL	NULL	aa	aa	aa	NULL	NULL	1980-01-01	1980-01-01 00:00:00	NULL	NULL
1e57103a-144d-4028-9e72-bf6130b8df09	d9d14082-c239-40b2-a273-c74bd9ba6d19	NULL	NULL	bb	aa	aa	NULL	NULL	1980-01-01	1980-01-01 00:00:00	NULL	NULL
1e57103a-144d-4028-9e72-bf6130b8df09	d9d14082-c239-40b2-a273-c74bd9ba6d19	NULL	NULL	cc	aa	aa	NULL	NULL	1980-01-01	1980-01-01 00:00:00	NULL	NULL
