NULL	2028-02-01 00:00:00	2028-02-01 00:00:00	1	NULL	NULL	NULL	NULL	NULL	NULL	NULL	NULL	NULL	NULL	NULL	NULL	NULL	NULL	NULL	NULL	NULL	NULL	NULL	NULL	NULL	NULL	NULL	2028-02-01 00:00:00	NULL	NULL	NULL	NULL	{"dateofbirth":{"cryptoid":"655ae8ac-5c3c-4061-abd9-711349f7ed1f","type":"PersonDateOfBirth"},"firstname":"Jo0","mobilenumber":"070","gender":"female","declareddatetime":{"d_date":"2026-05-10T12:11:19.019Z"},"middlename":"null","type":"person","verifiedusingbioquestionsorthirdparty":"null","effectivedate":{"type":"FROM_START_OF_CLAIM"},"lastname":"Bloggs0","contactpreference":"MOBILE","contractid":"b9cb4670-ee24-45b7-9de9-76580e3ff17b","citizenid":"e77ba99d-6627-4ed2-97ec-a6ce5de182dc","email":"jo0\\@example.com","paymenteffectivedate":{"type":"FROM_START_OF_CLAIM"}}	NULL	NULL