NULL	NULL	NULL	NULL	MAKE_A_DECISION_MANDATORY_RECONSIDERATION	NULL	NULL	{"_id": {"statementId": "df2d759e-e80d-4768-ae4c-879c1208c710"}, "_version": 1, "people": [{"type": "person", "contractId": "b9cb4670-ee24-45b7-9de9-76580e3ff17b", "citizenId": "e77ba99d-6627-4ed2-97ec-a6ce5de182dc", "lastName": "Bloggs0", "middleName": null, "firstName": "Jo0", "email": "jo0\\@example.com", "mobileNumber": "070", "dateOfBirth": {"type": "PersonDateOfBirth", "cryptoId": "655ae8ac-5c3c-4061-abd9-711349f7ed1f"}, "contactPreference": "MOBILE", "gender": "female", "verifiedUsingBioQuestionsOrThirdParty": null, "effectiveDate": {"type": "FROM_START_OF_CLAIM"}, "paymentEffectiveDate": {"type": "FROM_START_OF_CLAIM"}, "declaredDateTime": {"d_date": "2026-05-10T12:11:19.019Z"}}], "assessmentPeriod": {"assessmentPeriodId": "d6fb2a67-c23c-4558-a14f-44bd0ae8a8b1", "contractId": "b9cb4670-ee24-45b7-9de9-76580e3ff17b", "startDate": 20280301, "endDate": 20280331, "paymentDate": 20280323, "processDate": null, "createdDateTime": {"d_date": "2028-02-01T00:00:00.000000Z"}}, "standardAllowanceElement": "317.82", "housingElement": "0.00", "housingElementRent": "0.00", "housingElementServiceCharges": "0.00", "childElement": "0.00", "numberEligibleChildren": 0, "disabledChildElement": "0.00", "numberEligibleDisabledChildren": 0, "childcareElement": "0.00", "numberEligibleChildrenInChildCare": 0, "carerElement": "0.00", "numberPeopleCaredFor": 0, "takeHomePay": "123.45", "takeHomeBreakdown": {"rte": "0.00", "selfReported": "0.00", "selfEmployed": "0.00", "selfEmployedWithMif": "0.00"}, "unaffectedPayElement": "0.00", "totalReducedForHomePay": "0.00", "otherIncomeAdjustment": "0.00", "capitalAdjustment": "0.00", "totalAdjustments": "0.00", "fraudPenalties": "0.00", "sanctions": "317.82", "advances": "0.00", "deductions": "0.00", "totalPayment": "0.00", "createdDateTime": {"d_date": "2028-02-01T00:00:00.000000Z"}, "earningsSource": null, "otherBenefitAwards": [], "overlappingBenefits": [], "totalOtherBenefitsAdjustment": "0", "capApplied": null, "type": "MANDATORY_RECONSIDERATION", "preAdjustmentTotal": "317.82", "_entityVersion": 4, "_lastModifiedDateTime": {"d_date": "2028-02-01T00:00:00.000000Z"}, "workCapabilityElement": null, "benefitCapThreshold": null, "benefitCapAdjustment": null, "gracePeriodEndDate": null, "landlordPayment": "0", "uc_feature_string": "uc.agent.claimant.history.refer.hrt.to.decision.maker.nationality", "metaData": {"agentToDoType": "MAKE_A_DECISION_MANDATORY_RECONSIDERATION"}}
