{"test_key1":"test_value1"}export_date
{"test_key2":"test_value2"}export_date